// Jest Snapshot v1, https://goo.gl/fbAQLP

exports[`Computer device match snapshot 1`] = `
<div class="wrapper"
     data-test="component-device-computer"
>
  <div class="computer">
    <div class="display">
      <div class="header">
        <i class="camera">
        </i>
      </div>
      <div class="content">
      </div>
      <div class="footer">
      </div>
    </div>
    <div class="keyboard">
    </div>
    <div class="backside">
    </div>
  </div>
</div>
`;
