// Jest Snapshot v1, https://goo.gl/fbAQLP

exports[`Header match snapshot 1`] = `
<header class="header"
        data-test="component-header"
>
  <a href="/"
     class="link "
     aria-label="Odkaz na domovskou stránku"
  >
    <div class="wrapper ">
      <svg data-filename="src/assets/images/logo.svg">
      </svg>
      <i class="shadow"
         style="opacity:1"
      >
      </i>
    </div>
  </a>
  <button type="button"
          class="button closed "
          data-test="component-menu"
          aria-label="Otevřít navigaci"
  >
    <svg class="icon"
         viewbox="0 0 100 100"
    >
      <path d="M30,40 L70,40 Z">
      </path>
      <path d="M30,50 L70,50 Z">
      </path>
      <path d="M30,60 L70,60 Z">
      </path>
    </svg>
  </button>
</header>
`;
