// Jest Snapshot v1, https://goo.gl/fbAQLP

exports[`Keys match snapshot 1`] = `
<div class="undefined undefined"
     data-test="component-keys"
>
  <button class="undefined undefined"
          data-test="component-key"
          type="button"
          aria-label="Předchozí stránka"
          tabindex="-1"
  >
    <i>
    </i>
  </button>
  <div>
    <button class="undefined undefined"
            data-test="component-key"
            type="button"
            aria-label="Předchozí projekt"
            tabindex="0"
    >
      <i>
      </i>
    </button>
    <button class="undefined "
            data-test="component-key"
            type="button"
            aria-label="Následující stránka"
            tabindex="0"
    >
      <i>
      </i>
    </button>
    <button class="undefined "
            data-test="component-key"
            type="button"
            aria-label="Následující projekt"
            tabindex="0"
    >
      <i>
      </i>
    </button>
  </div>
</div>
`;
