// Jest Snapshot v1, https://goo.gl/fbAQLP

exports[`Image match snapshot 1`] = `
<picture class="picture"
         data-test="component-image"
>
  <source srcset="/path/to/image.avif"
          type="image/avif"
          data-test="component-image-avif"
  >
  <source srcset="/path/to/image.webp"
          type="image/webp"
          data-test="component-image-webp"
  >
  <img src="/path/to/image.jpg"
       alt
       loading="lazy"
       decoding="async"
       class="image "
  >
</picture>
`;
