// Jest Snapshot v1, https://goo.gl/fbAQLP

exports[`Footer match snapshot 1`] = `
<footer class="footer closed"
        data-test="component-footer"
        style="opacity:0"
>
  <code class="code">
    ♣ MMXXI Vyrobeno pomocí &lt;kouzel&gt; a {zaklínadel}
  </code>
  <a href="mailto:ditezdenek@pm.me?subject=♣ Zpráva přímo do schránky ♣"
     title="Zpráva přímo do schránky"
     class="link"
  >
    <svg data-filename="src/assets/images/icon_message.svg">
    </svg>
  </a>
  <div class="keys"
       data-test="component-keys"
       style="opacity:1"
  >
    <button type="button"
            class="key "
            aria-label="Předchozí stránka"
            data-test="component-key"
    >
      <i class="icon up">
      </i>
    </button>
    <div class="key">
      <button type="button"
              class="key disabled"
              aria-label="Předchozí projekt"
              data-test="component-key"
              disabled
      >
        <i class="icon left">
        </i>
      </button>
      <button type="button"
              class="key "
              aria-label="Následující stránka"
              data-test="component-key"
      >
        <i class="icon down">
        </i>
      </button>
      <button type="button"
              class="key disabled"
              aria-label="Následující projekt"
              data-test="component-key"
              disabled
      >
        <i class="icon right">
        </i>
      </button>
    </div>
  </div>
  <span class="scroll"
        style="opacity:1"
  >
    Scroll
    <i class="dot"
       style="opacity:1;transform:none"
    >
    </i>
  </span>
</footer>
`;
