// Jest Snapshot v1, https://goo.gl/fbAQLP

exports[`Picture match snapshot 1`] = `
<picture class="picture"
         data-test="component-picture"
>
  <source srcset=".avif"
          type="image/avif"
  >
  <source srcset=".webp"
          type="image/webp"
  >
  <img src=".png"
       alt
       loading="lazy"
       decoding="async"
       class="image "
  >
</picture>
`;
