// Jest Snapshot v1, https://goo.gl/fbAQLP

exports[`Textarea match snapshot 1`] = `
<div class="control   ">
  <textarea id="_34rFI1"
            name="textarea"
            class="textarea   "
            data-test="component-textarea"
  >
  </textarea>
  <label for="_34rFI1"
         class="label"
  >
    <span class="labelContent">
      Textarea
    </span>
  </label>
</div>
`;
