// Jest Snapshot v1, https://goo.gl/fbAQLP

exports[`Form match snapshot 1`] = `
<form data-test="component-form">
  <div>
    <input type="text"
           id="Jméno"
           class="undefined "
           name="name"
           value
           required
           data-test="component-input"
    >
    <label for="Jméno"
           data-test="component-label"
    >
      <span>
        Jméno
      </span>
    </label>
  </div>
  <div>
    <input type="email"
           id="E-mail"
           class="undefined "
           name="email"
           value
           required
           data-test="component-input"
    >
    <label for="E-mail"
           data-test="component-label"
    >
      <span>
        E-mail
      </span>
    </label>
  </div>
  <div>
    <textarea id="Vzkaz"
              class="undefined "
              name="message"
              required
              data-test="component-textarea"
    >
    </textarea>
    <label for="Vzkaz"
           data-test="component-label"
    >
      <span>
        Vzkaz
      </span>
    </label>
  </div>
  <div>
    <button type="submit"
            data-test="component-button"
    >
      Odeslat
    </button>
  </div>
</form>
`;
