// Jest Snapshot v1, https://goo.gl/fbAQLP

exports[`Controls match snapshot 1`] = `
<ul class="controls"
    data-test="component-controls"
>
  <li class="control">
    <button type="button"
            class="prev "
            aria-label="Previous project"
            data-test="component-controls-prev"
    >
    </button>
  </li>
  <li class="control">
    <button type="button"
            class="next "
            aria-label="Next project"
            data-test="component-controls-next"
    >
    </button>
  </li>
</ul>
`;
