// Jest Snapshot v1, https://goo.gl/fbAQLP

exports[`Navigation match snapshot 1`] = `
<nav class="nav"
     data-test="component-nav"
>
  <ul class="list">
    <li>
      <a href="/"
         class="anchor "
         data-test="component-anchor"
      >
        Úvodní stránka
      </a>
    </li>
    <li>
      <a href="/projects"
         class="anchor "
         data-test="component-anchor"
      >
        Projekty
      </a>
    </li>
    <li>
      <a href="/contact"
         class="anchor "
         data-test="component-anchor"
      >
        Kontakt
      </a>
    </li>
  </ul>
</nav>
`;
