// Jest Snapshot v1, https://goo.gl/fbAQLP

exports[`Navigation match snapshot 1`] = `
<nav class="nav"
     data-test="component-nav"
>
  <ul class="list"
      style="opacity:0"
  >
    <li class="item"
        data-test="component-item"
        style="opacity:0;transform:translateY(-6vh) translateZ(0)"
    >
      <a href="/"
         class="anchor link "
         data-test="component-anchor"
      >
        Úvodní stránka
      </a>
    </li>
    <li class="item"
        data-test="component-item"
        style="opacity:0;transform:translateY(-6vh) translateZ(0)"
    >
      <a href="/projects"
         class="anchor link "
         data-test="component-anchor"
      >
        Projekty
      </a>
    </li>
    <li class="item"
        data-test="component-item"
        style="opacity:0;transform:translateY(-6vh) translateZ(0)"
    >
      <a href="/contact"
         class="anchor link "
         data-test="component-anchor"
      >
        Kontakt
      </a>
    </li>
  </ul>
</nav>
`;
