// Jest Snapshot v1, https://goo.gl/fbAQLP

exports[`Keys match snapshot 1`] = `
<div class="keys"
     data-test="component-keys"
     style="opacity:1"
>
  <button type="button"
          class="key disabled"
          aria-label="Previous page"
          data-test="component-key"
          disabled
  >
    <i class="icon up">
    </i>
  </button>
  <div class="key">
    <button type="button"
            class="key disabled"
            aria-label="Previous project"
            data-test="component-key"
            disabled
    >
      <i class="icon left">
      </i>
    </button>
    <button type="button"
            class="key "
            aria-label="Next page"
            data-test="component-key"
    >
      <i class="icon down">
      </i>
    </button>
    <button type="button"
            class="key disabled"
            aria-label="Next project"
            data-test="component-key"
            disabled
    >
      <i class="icon right">
      </i>
    </button>
  </div>
</div>
`;
