// Jest Snapshot v1, https://goo.gl/fbAQLP

exports[`Controls match snapshot 1`] = `
<button type="button"
        class="prev "
        aria-label="Previous project"
        tabindex="0"
        data-test="component-controls-prev"
>
</button>
<button type="button"
        class="next "
        aria-label="Next project"
        tabindex="0"
        data-test="component-controls-next"
>
</button>
`;
