// Jest Snapshot v1, https://goo.gl/fbAQLP

exports[`Controls match snapshot 1`] = `
<button type="button"
        class="prev "
        aria-label="Předchozí projekt"
        tabindex="0"
        data-test="component-prev"
>
</button>
<button type="button"
        class="next "
        aria-label="Následující projekt"
        tabindex="0"
        data-test="component-next"
>
</button>
`;
