// Jest Snapshot v1, https://goo.gl/fbAQLP

exports[`Textarea match snapshot 1`] = `
<div>
  <textarea id
            class="undefined  "
            data-test="component-textarea"
  >
  </textarea>
  <label for
         class="undefined "
         data-test="component-label"
  >
    <span>
    </span>
  </label>
</div>
`;
