// Jest Snapshot v1, https://goo.gl/fbAQLP

exports[`Browser match snapshot 1`] = `
<section class="browser"
         data-test="component-browser"
>
  <header class="header">
    <span class="controls">
      <i class="control">
      </i>
      <i class="control">
      </i>
      <i class="control">
      </i>
    </span>
    <button type="button"
            class="prev "
            aria-label="Předchozí projekt"
            tabindex="0"
            data-test="component-prev"
    >
    </button>
    <button type="button"
            class="next "
            aria-label="Následující projekt"
            tabindex="0"
            data-test="component-next"
    >
    </button>
    <div class="addressbar http"
         data-test="component-addressbar"
    >
      <a href="http://url"
         target="_blank"
         rel="noreferrer noopener"
         aria-label="Otevřít referenci v novém okně"
      >
        http://url
      </a>
    </div>
    <div class="target">
      <a href="http://url"
         class="anchor targetLink"
         target="_blank"
         rel="noreferrer noopener"
         data-test="component-anchor"
      >
        <svg data-filename="src/assets/images/icon_open.svg">
        </svg>
      </a>
    </div>
  </header>
  <div class="wrapper"
       data-test="component-video"
       style="opacity:0"
  >
    <video playsinline
           autoplay
           muted
           loop
           preload="auto"
           class="video"
           title="Ukázka projektu: title. Stránky se nacházejí zde: http://url"
    >
      <track kind="captions">
      <track kind="description"
             label="title"
      >
      <source src="/video/id.mp4"
              type="video/mp4"
      >
    </video>
  </div>
</section>
`;
